1. Почему задана высота
.content_feedback {
    height: 780px;

2. Контейнер с разными именами - зачем? Он же одну и ту же задачу выполняет на всем сайте
3. Зачем .start_course {
    width: 100%;
}

4. Пустое пространство
 - https://monosnap.com/file/o4iNcGgz2gV4gGXiKUP9ofIWPUph8M
 - https://monosnap.com/file/o4iNcGgz2gV4gGXiKUP9ofIWPUph8M
